<h2 id="title">Hello World</h2>

<h2 id="subtitle">Subtitle</h2>
